http://www.mysqltutorial.org/mysql-foreign-key/




mysql> show create Products;
ERROR 2006 (HY000): MySQL server has gone away
No connection. Trying to reconnect...
Connection id:    2
Current database: shoppingdatabase

ERROR 1064 (42000): You have an error in your SQL syntax; check the manual that
corresponds to your MySQL server version for the right syntax to use near 'Produ
cts' at line 1
mysql> use shoppingdatabase;
Database changed
mysql> show create table Users;
+-------+-----------------------------------------------------------------------
--------------------------------------------------------------------------------
--------------------------------------------------------------------------------
---------------------------------------------+
| Table | Create Table


                                             |
+-------+-----------------------------------------------------------------------
--------------------------------------------------------------------------------
--------------------------------------------------------------------------------
---------------------------------------------+
| Users | CREATE TABLE `users` (
  `userid` int(11) NOT NULL AUTO_INCREMENT,
  `username` varchar(20) NOT NULL,
  `password` varchar(40) NOT NULL,
  `address` varchar(150) DEFAULT NULL,
  `mobileno` int(20) DEFAULT NULL,
  PRIMARY KEY (`userid`)
) ENGINE=InnoDB DEFAULT CHARSET=latin1 |
+-------+-----------------------------------------------------------------------
--------------------------------------------------------------------------------
--------------------------------------------------------------------------------
---------------------------------------------+
1 row in set (0.11 sec)

mysql> show create table Orders;
+--------+----------------------------------------------------------------------
--------------------------------------------------------------------------------
--------------------------------------------------------------------------------
--------------------------------------------------------------------------------
--------------------------------------------------------------------------------
--------------------------------------------------------------------------------
------------------------------------------------------------------------------+
| Table  | Create Table





                                                                              |
+--------+----------------------------------------------------------------------
--------------------------------------------------------------------------------
--------------------------------------------------------------------------------
--------------------------------------------------------------------------------
--------------------------------------------------------------------------------
--------------------------------------------------------------------------------
------------------------------------------------------------------------------+
| Orders | CREATE TABLE `orders` (
  `orderid` int(11) NOT NULL AUTO_INCREMENT,
  `productid` int(11) NOT NULL,
  `userid` int(11) NOT NULL,
  `shipaddress` varchar(100) DEFAULT NULL,
  `totalprice` decimal(10,0) DEFAULT NULL,
  `shipdate` date DEFAULT NULL,
  PRIMARY KEY (`orderid`),
  KEY `fk_user` (`userid`),
  KEY `fk_prod` (`productid`),
  CONSTRAINT `orders_ibfk_1` FOREIGN KEY (`userid`) REFERENCES `users` (`userid`
),
  CONSTRAINT `orders_ibfk_2` FOREIGN KEY (`productid`) REFERENCES `products` (`p
roductid`)
) ENGINE=InnoDB DEFAULT CHARSET=latin1 |
+--------+----------------------------------------------------------------------
--------------------------------------------------------------------------------
--------------------------------------------------------------------------------
--------------------------------------------------------------------------------
--------------------------------------------------------------------------------
--------------------------------------------------------------------------------
------------------------------------------------------------------------------+
1 row in set (0.02 sec)

mysql> show create table Products;
+----------+--------------------------------------------------------------------
--------------------------------------------------------------------------------
--------------------------------------------------------------------------------
--------------------------------------------------------------------------------
--------------------------------------------------------------------------------
----------------+
| Table    | Create Table




                |
+----------+--------------------------------------------------------------------
--------------------------------------------------------------------------------
--------------------------------------------------------------------------------
--------------------------------------------------------------------------------
--------------------------------------------------------------------------------
----------------+
| Products | CREATE TABLE `products` (
  `productid` int(11) NOT NULL AUTO_INCREMENT,
  `orderid` int(11) NOT NULL,
  `productname` varchar(20) DEFAULT NULL,
  `quantity` int(20) DEFAULT NULL,
  `price` decimal(10,0) DEFAULT NULL,
  PRIMARY KEY (`productid`),
  KEY `fk_order` (`orderid`),
  CONSTRAINT `products_ibfk_1` FOREIGN KEY (`orderid`) REFERENCES `orders` (`ord
erid`)
) ENGINE=InnoDB DEFAULT CHARSET=latin1 |
+----------+--------------------------------------------------------------------
--------------------------------------------------------------------------------
--------------------------------------------------------------------------------
--------------------------------------------------------------------------------
--------------------------------------------------------------------------------
----------------+
1 row in set (0.00 sec)

mysql>















